// Jest Snapshot v1, https://goo.gl/fbAQLP

exports[`Card Testing should render Card 1`] = `
{
  "asFragment": [Function],
  "baseElement": <body>
    <div>
      <div>
        <div
          class="card"
        >
          <div
            class="cardHeader"
          >
            <h2
              class="cardTitle"
            >
              Card 1
            </h2>
            <img
              alt="Card image"
              class="cardImage"
              src="https://picsum.photos/300/200"
            />
          </div>
          <div
            class="cardBody"
          >
            <p
              class="cardText"
            >
              This is card 1
            </p>
          </div>
          <div
            class="cardFooter"
          >
            <p
              class="cardText"
            >
              Footer Text 1
            </p>
          </div>
        </div>
        <div
          class="card"
        >
          <div
            class="cardHeader"
          >
            <h2
              class="cardTitle"
            >
              Card 2
            </h2>
            <img
              alt="Card image"
              class="cardImage"
              src="https://picsum.photos/300/200"
            />
          </div>
          <div
            class="cardBody"
          >
            <p
              class="cardText"
            >
              This is card 2
            </p>
          </div>
          <div
            class="cardFooter"
          >
            <p
              class="cardText"
            >
              Footer Text 2
            </p>
          </div>
        </div>
        <div
          class="card"
        >
          <div
            class="cardHeader"
          >
            <h2
              class="cardTitle"
            >
              Card 3
            </h2>
            <img
              alt="Card image"
              class="cardImage"
              src="https://picsum.photos/300/200"
            />
          </div>
          <div
            class="cardBody"
          >
            <p
              class="cardText"
            >
              This is card 3
            </p>
          </div>
          <div
            class="cardFooter"
          >
            <p
              class="cardText"
            >
              Footer Text 3
            </p>
          </div>
        </div>
      </div>
    </div>
  </body>,
  "container": <div>
    <div>
      <div
        class="card"
      >
        <div
          class="cardHeader"
        >
          <h2
            class="cardTitle"
          >
            Card 1
          </h2>
          <img
            alt="Card image"
            class="cardImage"
            src="https://picsum.photos/300/200"
          />
        </div>
        <div
          class="cardBody"
        >
          <p
            class="cardText"
          >
            This is card 1
          </p>
        </div>
        <div
          class="cardFooter"
        >
          <p
            class="cardText"
          >
            Footer Text 1
          </p>
        </div>
      </div>
      <div
        class="card"
      >
        <div
          class="cardHeader"
        >
          <h2
            class="cardTitle"
          >
            Card 2
          </h2>
          <img
            alt="Card image"
            class="cardImage"
            src="https://picsum.photos/300/200"
          />
        </div>
        <div
          class="cardBody"
        >
          <p
            class="cardText"
          >
            This is card 2
          </p>
        </div>
        <div
          class="cardFooter"
        >
          <p
            class="cardText"
          >
            Footer Text 2
          </p>
        </div>
      </div>
      <div
        class="card"
      >
        <div
          class="cardHeader"
        >
          <h2
            class="cardTitle"
          >
            Card 3
          </h2>
          <img
            alt="Card image"
            class="cardImage"
            src="https://picsum.photos/300/200"
          />
        </div>
        <div
          class="cardBody"
        >
          <p
            class="cardText"
          >
            This is card 3
          </p>
        </div>
        <div
          class="cardFooter"
        >
          <p
            class="cardText"
          >
            Footer Text 3
          </p>
        </div>
      </div>
    </div>
  </div>,
  "debug": [Function],
  "findAllByAltText": [Function],
  "findAllByDisplayValue": [Function],
  "findAllByLabelText": [Function],
  "findAllByPlaceholderText": [Function],
  "findAllByRole": [Function],
  "findAllByTestId": [Function],
  "findAllByText": [Function],
  "findAllByTitle": [Function],
  "findByAltText": [Function],
  "findByDisplayValue": [Function],
  "findByLabelText": [Function],
  "findByPlaceholderText": [Function],
  "findByRole": [Function],
  "findByTestId": [Function],
  "findByText": [Function],
  "findByTitle": [Function],
  "getAllByAltText": [Function],
  "getAllByDisplayValue": [Function],
  "getAllByLabelText": [Function],
  "getAllByPlaceholderText": [Function],
  "getAllByRole": [Function],
  "getAllByTestId": [Function],
  "getAllByText": [Function],
  "getAllByTitle": [Function],
  "getByAltText": [Function],
  "getByDisplayValue": [Function],
  "getByLabelText": [Function],
  "getByPlaceholderText": [Function],
  "getByRole": [Function],
  "getByTestId": [Function],
  "getByText": [Function],
  "getByTitle": [Function],
  "queryAllByAltText": [Function],
  "queryAllByDisplayValue": [Function],
  "queryAllByLabelText": [Function],
  "queryAllByPlaceholderText": [Function],
  "queryAllByRole": [Function],
  "queryAllByTestId": [Function],
  "queryAllByText": [Function],
  "queryAllByTitle": [Function],
  "queryByAltText": [Function],
  "queryByDisplayValue": [Function],
  "queryByLabelText": [Function],
  "queryByPlaceholderText": [Function],
  "queryByRole": [Function],
  "queryByTestId": [Function],
  "queryByText": [Function],
  "queryByTitle": [Function],
  "rerender": [Function],
  "unmount": [Function],
}
`;
